[www.subsetmedia.com/index.html]
[backblue.gif]
[fade.gif]
[index.html]
[images.squarespace-cdn.com/content/62e18553aef02f736a44f06a/a3bd6020-7b9a-46e2-bfd9-337e2f546ed6/subset-full5d45.png]
[use.typekit.net/ik/7DbQ5kwSQcZC27wxlhedKRkRB8AKVnx9cW6qXWAUhbvfeGjIfFHN4UJLFRbh52jhWDjkZQItFQ9DjAmcw24cFDwhjQbXZRMhjsnNMKG0jAFu-WsoShFGZAsude80ZkoRdhXCHKoyjamTiY8Djhy8ZYmC-Ao1Oco8if37OcBDOcu]
[assets.squarespace.com/@sqs/polyfiller/1.6/legacy.js]
[assets.squarespace.com/universal/scripts-compressed/extract-css-runtime-379d3a884c121ccc64be4-min.en-US.js]
[assets.squarespace.com/universal/scripts-compressed/cldr-resource-pack-d7070e8b408cf38ac16f3-min.en-US.js]
[assets.squarespace.com/@sqs/polyfiller/1.6/modern.js]
[assets.squarespace.com/universal/scripts-compressed/common-vendors-stable-673d482d883e1c7ecd140-min.en-US.js]
[assets.squarespace.com/universal/scripts-compressed/extract-css-moment-js-vendor-5082e2dab696b020ac83a-min.en-US.js]
[static1.squarespace.com/static/versioned-site-css/62e18553aef02f736a44f06a/62/5c5a519771c10ba3470d8101/62e18553aef02f736a44f09f/1331/site.css]
[connect.facebook.net/en_US/fbevents.js]
[assets.squarespace.com/universal/scripts-compressed/performance-ab3c5a52dcba10089a517-min.en-US.js]
[images.squarespace-cdn.com/content/v1/62e18553aef02f736a44f06a/a3bd6020-7b9a-46e2-bfd9-337e2f546ed6/subset-full26f7.png]
[www.subsetmedia.com/cart.html]
[www.subsetmedia.com/creative.html]
[www.subsetmedia.com/work.html]
[www.subsetmedia.com/media.html]
[www.subsetmedia.com/people.html]
[assets.squarespace.com/universal/scripts-compressed/common-vendors-7a91f2640a9928b0de2fb-min.en-US.js]
[assets.squarespace.com/universal/scripts-compressed/common-edc95d9ce7325fc16a1cf-min.en-US.js]
[www.subsetmedia.com/focus.html]
[www.subsetmedia.com/fetch.html]
[www.subsetmedia.com/contact.html]
[images.squarespace-cdn.com/content/v1/62e18553aef02f736a44f06a/3db123a7-a43f-4e5e-9903-a4eb97fa9b7d/Skateboarder+950_smol.jpg]
[images.squarespace-cdn.com/content/v1/62e18553aef02f736a44f06a/5c9e7cac-6a1d-42ef-a8ec-7a8c5e91057e/Icon+Creative.png]
[images.squarespace-cdn.com/content/v1/62e18553aef02f736a44f06a/528476dd-bb84-4a3e-9e3a-a92ca72afb0f/Icon+Delivery.png]
[images.squarespace-cdn.com/content/v1/62e18553aef02f736a44f06a/d3e3e6ba-b826-457f-ad7c-8d85dfa285a8/Icon+People.png]
[images.squarespace-cdn.com/content/v1/62e18553aef02f736a44f06a/56044ed4-7cbe-4ed8-a7f2-1df26e59c492/Icon+Work.png]
[images.squarespace-cdn.com/content/v1/62e18553aef02f736a44f06a/b4e1097b-0294-40f6-a6f7-ffdc7cdacda5/Creative-Dev-trans.png]
[images.squarespace-cdn.com/content/v1/62e18553aef02f736a44f06a/1670992803575-B9CM1SUGP0YPU58L1MYD/unsplash-image-npxXWgQ33ZQ.jpg]
[www.subsetmedia.com/media-1.20.delayed]
[images.squarespace-cdn.com/content/v1/62e18553aef02f736a44f06a/1663808991598-BOIPTZMG5YB5C0SLQSUL/FXAca9uUYAARtdK.jpg]
[images.squarespace-cdn.com/content/v1/62e18553aef02f736a44f06a/9d6d9e50-83ac-4322-a890-6215c4f2aa8c/tapclicks+screenshot.jpg]
[images.squarespace-cdn.com/content/v1/62e18553aef02f736a44f06a/1662960307346-0TVNUWE8CN638NJ4LNCZ/3M-logo.png]
[images.squarespace-cdn.com/content/v1/62e18553aef02f736a44f06a/1662960307348-E53VXUH45652J6SAL957/alaskashore-logo.png]
[images.squarespace-cdn.com/content/v1/62e18553aef02f736a44f06a/1662960307771-AS7EWG1T0UT22AT0O9P3/alchemist-logo.png]
[images.squarespace-cdn.com/content/v1/62e18553aef02f736a44f06a/1662960307842-77D1U0YUG8MUBMBJQBL2/build-logo.png]
[images.squarespace-cdn.com/content/v1/62e18553aef02f736a44f06a/1662960308267-C97EDMK217IADAJKVP3U/camino-logo.png]
[images.squarespace-cdn.com/content/v1/62e18553aef02f736a44f06a/1662960308288-O8AVNWD035CVN40EUICN/cfc-logo.png]
[images.squarespace-cdn.com/content/v1/62e18553aef02f736a44f06a/1662960308786-CF1YYH5OFQ7927AHHQBN/crabpot-logo.png]
[images.squarespace-cdn.com/content/v1/62e18553aef02f736a44f06a/1662960308790-IXEB52XZHU6L4K3XJ5VX/fcps-logo.png]
[images.squarespace-cdn.com/content/v1/62e18553aef02f736a44f06a/1662960309288-GN6ZMFZMLS6HYWAOZK3C/feettofire-logo.png]
[images.squarespace-cdn.com/content/v1/62e18553aef02f736a44f06a/1662960309302-1ZAERKF37I2JKOFA1OUK/fishermans-logo+(1).png]
[images.squarespace-cdn.com/content/v1/62e18553aef02f736a44f06a/1662960309817-CL0O4MQX1KCIJF4N7ANL/frrc_logo.png]
[images.squarespace-cdn.com/content/v1/62e18553aef02f736a44f06a/1662960310238-301FW7S9C9MRNA03F1E6/Geartrade-logo.png]
[images.squarespace-cdn.com/content/v1/62e18553aef02f736a44f06a/1662960310321-GQ8AB25DGRUU2X69VNCT/gi-logo.png]
[images.squarespace-cdn.com/content/v1/62e18553aef02f736a44f06a/1662960310660-PSC4K2DSL8XT40XNZNCK/goodwin-logo.png]
[images.squarespace-cdn.com/content/v1/62e18553aef02f736a44f06a/1662960310876-M0YOMYL0OSN02R7N6PC9/GSB-logo.png]
[images.squarespace-cdn.com/content/v1/62e18553aef02f736a44f06a/1662960311086-SQRBAIR7RG0SJBF8AI3N/hockeywolf-logo.png]
[images.squarespace-cdn.com/content/v1/62e18553aef02f736a44f06a/1662960311299-17QDH2IO62CORPBCY9VQ/JUNO-logo.png]
[images.squarespace-cdn.com/content/v1/62e18553aef02f736a44f06a/1662960311574-0K8UX7VQDN6YDQGTBY04/KOA-logo.png]
[images.squarespace-cdn.com/content/v1/62e18553aef02f736a44f06a/1662960311759-CN79XGZZDN3N1B40PR8W/lam-logo.jpg]
[images.squarespace-cdn.com/content/v1/62e18553aef02f736a44f06a/1662960311997-96MC7TADUOWNRL58KBLX/Mask-Group.png]
[images.squarespace-cdn.com/content/v1/62e18553aef02f736a44f06a/1662960312197-4SKI5UFV6E8NSNLSDU5P/mateo-logo.png]
[images.squarespace-cdn.com/content/v1/62e18553aef02f736a44f06a/1662960312562-9X3BJYJNBKWA7M58O8Q8/midofb-logo.png]
[images.squarespace-cdn.com/content/v1/62e18553aef02f736a44f06a/1662960312766-IW8DGQ92LRX8GO93CL4J/mtmex_logo.png]
[images.squarespace-cdn.com/content/v1/62e18553aef02f736a44f06a/1662960313024-ON1Y37RR695KID2T7B10/noleo-logo.png]
[images.squarespace-cdn.com/content/v1/62e18553aef02f736a44f06a/1662960313191-KFXLT910ZIZM9JL0FZB8/nwmtga-logo.png]
[images.squarespace-cdn.com/content/v1/62e18553aef02f736a44f06a/1662960313486-27YLDCKG1RFLBHTJ6TO5/pth-logo.png]
[images.squarespace-cdn.com/content/v1/62e18553aef02f736a44f06a/1662960313608-Q0ZCP4ZT38RLH9P8HMMW/RKD-logo.png]
[images.squarespace-cdn.com/content/v1/62e18553aef02f736a44f06a/1662960313879-GRGT28TURKAU45QQ8J30/saketome-logo.png]
[images.squarespace-cdn.com/content/v1/62e18553aef02f736a44f06a/1662960314060-6WY8EV4FOFA301DP34FA/sobbacycle-logo.png]
[images.squarespace-cdn.com/content/v1/62e18553aef02f736a44f06a/1662960314309-PCXZRONWQ9COT21WYMLQ/wrfi-logo.jpg]
[www.subsetmedia.com/blog.html]
[images.squarespace-cdn.com/content/v1/62e18553aef02f736a44f06a/6ca2e8f7-bccf-4782-9872-0aad8b9b4477/subset+Full+white.png]
[www.subsetmedia.com/home.html]
[www.subsetmedia.com/index.html]
[assets.squarespace.com/universal/images-v6/damask/error-dark.png]
[assets.squarespace.com/universal/images-v6/damask/error-dark@2x.png]
[static1.squarespace.com/static/vta/5c5a519771c10ba3470d8101/scripts/site-bundle.f76902edd4931e2fc3d646f525566c92.js]
[assets.squarespace.com/universal/images-v6/damask/play-button.png]
[assets.squarespace.com/universal/images-v6/damask/play-button@2x.png]
[assets.squarespace.com/universal/images-v6/damask/edit-aviary-light.png]
[assets.squarespace.com/universal/images-v6/damask/edit-aviary-light@2x.png]
[assets.squarespace.com/universal/images-v6/damask/edit-info-light.png]
[assets.squarespace.com/universal/images-v6/damask/edit-info-light@2x.png]
[assets.squarespace.com/universal/images-v6/damask/trash-9-light.png]
[assets.squarespace.com/universal/images-v6/damask/trash-9-light@2x.png]
[assets.squarespace.com/universal/images-v6/damask/trash-9-red.png]
[assets.squarespace.com/universal/images-v6/damask/trash-9-red@2x.png]
[assets.squarespace.com/universal/images-v6/damask/getty-16-light.png]
[assets.squarespace.com/universal/images-v6/damask/getty-32-light.png]
[assets.squarespace.com/universal/images-v6/damask/shopping-cart-16-light.png]
[assets.squarespace.com/universal/images-v6/damask/shopping-cart-32-light.png]
[assets.squarespace.com/universal/images-v6/icons/block-indicator-dark.png]
[assets.squarespace.com/universal/images-v6/icons/block-indicator-dark@2x.png]
[assets.squarespace.com/universal/images-v6/icons/opentable-icons.png]
[assets.squarespace.com/universal/images-v6/icons/icon-searchqueries-20-dark.png]
[assets.squarespace.com/universal/images-v6/icons/icon-searchqueries-20-light.png]
[assets.squarespace.com/universal/images-v6/icons/icon-video-24-light-solid.png]
[assets.squarespace.com/universal/images-v6/standard/icon_close_7_light.png]
[assets.squarespace.com/universal/images-v6/icons/icon-settings-16-light.png]
[static1.squarespace.com/static/versioned-site-css/62e18553aef02f736a44f06a/62/5c5a519771c10ba3470d8101/62e18553aef02f736a44f09f/1331/site.css]
[www.googletagmanager.com/gtm5445.html]
[www.subsetmedia.com/c.62.delayed]
[www.subsetmedia.com/b.63.delayed]
[www.subsetmedia.com/POST.64.delayed]
[connect.facebook.net/en_US/fbevents.js]
[www.subsetmedia.com/cart.html]
[assets.squarespace.com/universal/scripts-compressed/extract-css-runtime-86a5d58cc8281733c4b97-min.en-US.js]
[images.squarespace-cdn.com/content/v1/62e18553aef02f736a44f06a/802e93fc-98e9-4bc1-872f-837e2651e924/Tny+Hat+950_smol.jpg]
[assets.squarespace.com/universal/scripts-compressed/extract-css-runtime-4a1e66b9c3c72f47d46a0-min.en-US.js]
[images.squarespace-cdn.com/content/v1/62e18553aef02f736a44f06a/5591fd86-7262-47fc-a4bd-9d5a3d8cb2b3/AdobeStock_289054123.jpg]
[images.squarespace-cdn.com/content/v1/62e18553aef02f736a44f06a/c80b5d90-cd52-46e5-a1e9-9b2529280c35/Creative+Set+1.png]
[images.squarespace-cdn.com/content/v1/62e18553aef02f736a44f06a/beeb346d-26dc-42e8-8e6e-ee3204373c32/Creative+Set+2.png]
[assets.squarespace.com/universal/scripts-compressed/common-7f0e0bf8b1b67c2653d58-min.en-US.js]
[images.squarespace-cdn.com/content/v1/62e18553aef02f736a44f06a/29794dc3-5708-43f9-81aa-c452db5b8c20/Creative+Set+3.png]
[images.squarespace-cdn.com/content/v1/62e18553aef02f736a44f06a/1abc952f-f464-4478-b029-b79e6f4dad8c/Subset_A1_FB.jpg]
[images.squarespace-cdn.com/content/v1/62e18553aef02f736a44f06a/cebef419-c1da-4dd1-bc43-3a59c41e6c66/Icon+Straightforward.png]
[images.squarespace-cdn.com/content/v1/62e18553aef02f736a44f06a/cd3fed46-ec63-49bb-b05f-bd45eab7d121/Icon+Individual.png]
[images.squarespace-cdn.com/content/v1/62e18553aef02f736a44f06a/90f297ca-f646-4958-b08a-8be0c969b265/Icon+Harmonious.png]
[images.squarespace-cdn.com/content/v1/62e18553aef02f736a44f06a/52bd9ba5-2204-4ab2-a3f1-bb49b63de352/AdobeStock_110896319.jpg]
[www.subsetmedia.com/creative.html]
[images.squarespace-cdn.com/content/v1/62e18553aef02f736a44f06a/b1da8b44-7057-4766-8e63-280b71c7e451/Clif+Jumper+950_smol.jpg]
[images.squarespace-cdn.com/content/v1/62e18553aef02f736a44f06a/3c26ce62-6210-439e-b929-9d9094fd01a5/check.png]
[images.squarespace-cdn.com/content/v1/62e18553aef02f736a44f06a/e365385b-6823-4eb6-9634-455b87e3db99/check.png]
[images.squarespace-cdn.com/content/v1/62e18553aef02f736a44f06a/87b104a6-d6cb-4041-b9ff-5f47d314afdb/Icon+Trageting.png]
[images.squarespace-cdn.com/content/v1/62e18553aef02f736a44f06a/6022a078-140b-4311-adb0-69b8d1d9ad00/Icon+Performance.png]
[images.squarespace-cdn.com/content/v1/62e18553aef02f736a44f06a/0f5d87cc-ffd2-4b90-b47c-0d363df98d2c/Icon+Flexible.png]
[images.squarespace-cdn.com/content/v1/62e18553aef02f736a44f06a/1671490474189-6TX264ZPDIP7AGS0JJM5/Native.jpg]
[images.squarespace-cdn.com/content/v1/62e18553aef02f736a44f06a/1671490475151-XBPVIBRSQFJ9J2AO98QB/Video.jpg]
[images.squarespace-cdn.com/content/v1/62e18553aef02f736a44f06a/1671490473533-PLCGD1IBXQI74145RXYD/Display.jpg]
[images.squarespace-cdn.com/content/v1/62e18553aef02f736a44f06a/1671490474532-QW6P98C8O7GK9Y8HP9AU/Paid+Search.jpg]
[images.squarespace-cdn.com/content/v1/62e18553aef02f736a44f06a/1671490473014-7AN5L0QKK8UK88KIFDQB/Connected+TV.jpg]
[images.squarespace-cdn.com/content/v1/62e18553aef02f736a44f06a/1671490474877-Y49FI2OM6BMD2D1D5AXT/Paid+Social.jpg]
[images.squarespace-cdn.com/content/v1/62e18553aef02f736a44f06a/1671490472891-WV0E2UA490XN10LCNOHB/AUDIO.jpg]
[images.squarespace-cdn.com/content/v1/62e18553aef02f736a44f06a/1671490473659-805X0BG93FQTLOXQ8Y0B/DOOH.jpg]
[images.squarespace-cdn.com/content/v1/62e18553aef02f736a44f06a/c7741600-1dc3-4561-9ca9-b79ad6f7d36f/macbook-picture22.png]
[images.squarespace-cdn.com/content/v1/62e18553aef02f736a44f06a/1669829256354-IBCN4H1BPD3VAK3WA8N1/basis.png]
[images.squarespace-cdn.com/content/v1/62e18553aef02f736a44f06a/1669829256859-1TM4RDK0HIMFVS54TU45/thetradedesk.png]
[images.squarespace-cdn.com/content/v1/62e18553aef02f736a44f06a/1669829354298-CHWB32FOXCM6PEG39G24/dv36-.png]
[images.squarespace-cdn.com/content/v1/62e18553aef02f736a44f06a/1669831159328-668TXQWETF38HDAY799B/xander.png]
[images.squarespace-cdn.com/content/v1/62e18553aef02f736a44f06a/1669831180021-XZQEL0146UACI9QN32C6/magnite.png]
[images.squarespace-cdn.com/content/v1/62e18553aef02f736a44f06a/1669831187048-16VISYDX6LUT8WPEV9XE/indexexchange.png]
[images.squarespace-cdn.com/content/v1/62e18553aef02f736a44f06a/1669831201730-JQ6KLETYRA55UPT5WFDO/pubmatic.png]
[images.squarespace-cdn.com/content/v1/62e18553aef02f736a44f06a/1669831626770-3SOTVWKV7MVVDIZBSOBU/open-x.png]
[images.squarespace-cdn.com/content/v1/62e18553aef02f736a44f06a/1669831638932-UB1NRZTPJ9DQLHW31YDZ/googleads.png]
[images.squarespace-cdn.com/content/v1/62e18553aef02f736a44f06a/1669831654038-Q6CGQPVDU4UDH4NHW9FA/amazonads.png]
[images.squarespace-cdn.com/content/v1/62e18553aef02f736a44f06a/1669831675997-5H33POMY130VD9915LLK/facebook.png]
[images.squarespace-cdn.com/content/v1/62e18553aef02f736a44f06a/1669831685239-CJDTS1YT6K707HCZ5IOF/instagram.png]
[images.squarespace-cdn.com/content/v1/62e18553aef02f736a44f06a/1669831697828-7UH0XE29M00S1I4162W4/linkedin.png]
[images.squarespace-cdn.com/content/v1/62e18553aef02f736a44f06a/1669831712686-SLO2A3GUOTVN2GENPZX4/snapchat.png]
[images.squarespace-cdn.com/content/v1/62e18553aef02f736a44f06a/1669831723907-H8GS6VNTW91V3JKMN1PK/tiktok.png]
[images.squarespace-cdn.com/content/v1/62e18553aef02f736a44f06a/1669831738995-4FD460RABQD496XRHLHL/youtube.png]
[images.squarespace-cdn.com/content/v1/62e18553aef02f736a44f06a/1669831765044-536TQS5IFC0APAO68AVT/hulu.png]
[images.squarespace-cdn.com/content/v1/62e18553aef02f736a44f06a/1669831846499-8U0G07PCCA5QSXUO7UQS/sling.png]
[images.squarespace-cdn.com/content/v1/62e18553aef02f736a44f06a/1669831853418-4M862YPCXQEGCULZO6QA/directtv.png]
[images.squarespace-cdn.com/content/v1/62e18553aef02f736a44f06a/1669831859957-7VY7JD3J600DAEDX1URZ/youtubetv.png]
[images.squarespace-cdn.com/content/v1/62e18553aef02f736a44f06a/1669832142507-VMR5ZSLI8HA7DT4M3733/spotify.png]
[images.squarespace-cdn.com/content/v1/62e18553aef02f736a44f06a/1669832157200-K5B31HS62HIMW22W9N5B/pandora.png]
[images.squarespace-cdn.com/content/v1/62e18553aef02f736a44f06a/1669832170659-4RRHBL87FP96OS41C4KH/siriusxm.png]
[images.squarespace-cdn.com/content/v1/62e18553aef02f736a44f06a/1669832744119-3JQPIMPH23SOBQYLXIEY/amazonmusic.png]
[images.squarespace-cdn.com/content/v1/62e18553aef02f736a44f06a/1669832763671-62WPRX3RZDPRFSUQA3QB/youtubemusic.png]
[images.squarespace-cdn.com/content/v1/62e18553aef02f736a44f06a/1669832830347-NMQNVXHAYMMGGLBL7W3Z/vevo.png]
[images.squarespace-cdn.com/content/v1/62e18553aef02f736a44f06a/1669832980721-OH5C6VIBGXSYWRJE59EO/twitter.png]
[images.squarespace-cdn.com/content/v1/62e18553aef02f736a44f06a/1669833040726-INF1B9W9Z8GYFIOW203R/yahooadtech.png]
[images.squarespace-cdn.com/content/v1/62e18553aef02f736a44f06a/1669833279915-58UP6SZ80KESD246GN25/googleadmanager.png]
[images.squarespace-cdn.com/content/v1/62e18553aef02f736a44f06a/1669833479286-08N8IO5ULK97AJVZW75I/gtm.png]
[images.squarespace-cdn.com/content/v1/62e18553aef02f736a44f06a/1669834203663-BR21A9VDAHC78QJXCPFV/tapad.png]
[images.squarespace-cdn.com/content/v1/62e18553aef02f736a44f06a/1669834213967-3SZRVR1LY6RGCHLF2B7D/liveramp.png]
[images.squarespace-cdn.com/content/v1/62e18553aef02f736a44f06a/1669834225189-8LDYPOW0NHX7LAM0C87K/transunion.png]
[images.squarespace-cdn.com/content/v1/62e18553aef02f736a44f06a/1669834235904-FWS909ZVZ2PYPCG6CG4Y/nielsen.png]
[images.squarespace-cdn.com/content/v1/62e18553aef02f736a44f06a/1669834285392-3DV1FEJLJRIT8NF4ZCGB/cuebiq.png]
[images.squarespace-cdn.com/content/v1/62e18553aef02f736a44f06a/1669834285298-VUANVRYDPRGTXWCBU57X/doubleverify.png]
[images.squarespace-cdn.com/content/v1/62e18553aef02f736a44f06a/1669834285804-DWVUO3CMKYQKTLW8KDWO/lotame.png]
[images.squarespace-cdn.com/content/v1/62e18553aef02f736a44f06a/1669834342911-SKU1SPXT1SE9W15J3PSR/triplelift.png]
[images.squarespace-cdn.com/content/v1/62e18553aef02f736a44f06a/1669834364091-OC7GBIN0Q1A8HKWYKHA5/oracle.png]
[images.squarespace-cdn.com/content/v1/62e18553aef02f736a44f06a/1669834484066-VEDD1VKPMLVDAI4AHV9G/adobeexperiencecloud.png]
[www.subsetmedia.com/media.html]
[images.squarespace-cdn.com/content/v1/62e18553aef02f736a44f06a/d009b2db-2836-401d-a036-1f946926bbc6/Climber+950_smol.jpg]
[www.subsetmedia.com/work/second-harvest-food-bank.html]
[www.subsetmedia.com/work/bat-speed-recon.html]
[www.subsetmedia.com/work/good-stuff-botanicals.html]
[www.subsetmedia.com/work/american-bible-society.html]
[images.squarespace-cdn.com/content/v1/62e18553aef02f736a44f06a/629a26f3-abdc-4869-8015-77a638d61ba6/1662458896288.jpg]
[www.subsetmedia.com/work/los-angeles-mission.html]
[images.squarespace-cdn.com/content/v1/62e18553aef02f736a44f06a/1663275608199-XHLLBQT7JWE8KDTJMKNZ/3M-logo.png]
[www.subsetmedia.com/work/geartrade.html]
[images.squarespace-cdn.com/content/v1/62e18553aef02f736a44f06a/1663275608208-173UDBOZHCY665SR9UY7/alaskashore-logo.png]
[images.squarespace-cdn.com/content/v1/62e18553aef02f736a44f06a/1663275608912-LJ0LZVPD6AOPUVL82MK4/alchemist-logo.png]
[images.squarespace-cdn.com/content/v1/62e18553aef02f736a44f06a/1663275608984-E0K4ZZKGY0F6A8AW5AI4/build-logo.png]
[images.squarespace-cdn.com/content/v1/62e18553aef02f736a44f06a/1663275609471-YYJDKUGEUHAG4PLSWOAR/camino-logo.png]
[images.squarespace-cdn.com/content/v1/62e18553aef02f736a44f06a/1663275609594-ACDVVS0D7KII8N5XWJ68/cfc-logo.png]
[images.squarespace-cdn.com/content/v1/62e18553aef02f736a44f06a/1663275610357-PDUU6E7DBH6J3RL3XSMV/crabpot-logo.png]
[images.squarespace-cdn.com/content/v1/62e18553aef02f736a44f06a/1663275610391-JFISXKDLIUVM847HG2VC/fcps-logo.png]
[images.squarespace-cdn.com/content/v1/62e18553aef02f736a44f06a/1663275610943-2CNT5TW79KXBJJ2PJQWB/feettofire-logo.png]
[images.squarespace-cdn.com/content/v1/62e18553aef02f736a44f06a/1663275611518-KCWL0FX3U13TDX9CN1E5/fishermans-logo+(1).png]
[images.squarespace-cdn.com/content/v1/62e18553aef02f736a44f06a/1663275612183-Y23W8KDOXNCUV6HWXJK8/frrc_logo.png]
[images.squarespace-cdn.com/content/v1/62e18553aef02f736a44f06a/1663275612255-35KHFB6VO2IZNDX6N8I0/Geartrade-logo.png]
[images.squarespace-cdn.com/content/v1/62e18553aef02f736a44f06a/1663275612926-9X6M7AW2H62FF8YUB1JJ/gi-logo.png]
[images.squarespace-cdn.com/content/v1/62e18553aef02f736a44f06a/1663275612908-FVZ4N9Y4NPY3VHPPHRM5/goodwin-logo.png]
[images.squarespace-cdn.com/content/v1/62e18553aef02f736a44f06a/1663275613605-8CWK0Q38B1G905PU93H2/GSB-logo.png]
[images.squarespace-cdn.com/content/v1/62e18553aef02f736a44f06a/1663275613615-OGMRHF0KPQP7VP2CDI72/hockeywolf-logo.png]
[images.squarespace-cdn.com/content/v1/62e18553aef02f736a44f06a/1663275614263-VAVTU9LFCGRZJBS1V3YK/JUNO-logo.png]
[images.squarespace-cdn.com/content/v1/62e18553aef02f736a44f06a/1663275614370-82IZRKVOTLFVE123RG84/KOA-logo.png]
[images.squarespace-cdn.com/content/v1/62e18553aef02f736a44f06a/1663275614887-IBJSYECTC3QL9TWO4DHB/lam-logo.jpg]
[images.squarespace-cdn.com/content/v1/62e18553aef02f736a44f06a/1663275615030-O4MC1QQEFFE73EMT23FK/Mask-Group.png]
[images.squarespace-cdn.com/content/v1/62e18553aef02f736a44f06a/1663275615594-EPMMP2HLPD0NGQV1FPU9/mateo-logo.png]
[images.squarespace-cdn.com/content/v1/62e18553aef02f736a44f06a/1663275615766-261J9XTI18WNTOO3BPRO/midofb-logo.png]
[images.squarespace-cdn.com/content/v1/62e18553aef02f736a44f06a/1663275616327-214E18L8G46HXN4NFWIL/mtmex_logo.png]
[images.squarespace-cdn.com/content/v1/62e18553aef02f736a44f06a/1663275616540-HG1LUT4TDAT3HHY2J4Y5/noleo-logo.png]
[images.squarespace-cdn.com/content/v1/62e18553aef02f736a44f06a/1663275617308-NPKNW0ZUN6DHVJUGXSGW/nwmtga-logo.png]
[assets.squarespace.com/universal/scripts-compressed/commerce-checkout-2d054124784cd0d300fec-min.en-US.js]
[images.squarespace-cdn.com/content/v1/62e18553aef02f736a44f06a/1663275617375-ZCT5NQ3GJYI6XKBXWTMO/pth-logo.png]
[images.squarespace-cdn.com/content/v1/62e18553aef02f736a44f06a/1663275617836-17IMEL2DY2V483N4XU60/RKD-logo.png]
[images.squarespace-cdn.com/content/v1/62e18553aef02f736a44f06a/1663275617983-03UT1CAM9RGCNHNFDDDY/saketome-logo.png]
[images.squarespace-cdn.com/content/v1/62e18553aef02f736a44f06a/1663275618365-7Q18FU9DMCMDIM3LOW0L/sobbacycle-logo.png]
[images.squarespace-cdn.com/content/v1/62e18553aef02f736a44f06a/1663275618563-ORVV6RE2QC1IWI10K2HG/wrfi-logo.jpg]
[www.subsetmedia.com/work.html]
[assets.squarespace.com/universal/scripts-compressed/extract-css-runtime-cbb80514dc2eced359b76-min.en-US.js]
[images.squarespace-cdn.com/content/v1/62e18553aef02f736a44f06a/6f3aaf94-0519-4d30-b523-ce9911c90470/Campfire+950_smol.jpg]
[www.subsetmedia.com/_https_/www.linkedin.com/in/mattparker-subset/__LinkedIn_/a__/p__,.d3.delayed]
[www.subsetmedia.com/_https_/www.linkedin.com/in/joel-chipman-cpa-018a4774/__LinkedIn_/a__/p__,.d5.delayed]
[www.subsetmedia.com/_https_/www.linkedin.com/in/jake-grilley-263a92123/__LinkedIn_/a__/p__,.d7.delayed]
[www.subsetmedia.com/_https_/www.linkedin.com/in/ben-skeim-655447176/__LinkedIn_/a__/p__,.d9.delayed]
[www.subsetmedia.com/_https_/www.linkedin.com/in/charles-blaney-47a731a/__LinkedIn_/a__/p__,.db.delayed]
[www.subsetmedia.com/_https_/www.linkedin.com/in/tj-forrest-97b25917a/__LinkedIn_/a__/p__,.dc.delayed]
[www.subsetmedia.com/_http_/www.linkedin.com/in/madisonattridge/__LinkedIn_/a__/p__,.dd.delayed]
[www.subsetmedia.com/_https_/www.linkedin.com/in/claire-robins-75054795/__LinkedIn_/a__/p__,.df.delayed]
[www.subsetmedia.com/_https_/open.spotify.com/playlist/2lFCzl7Al8bEr3AYMcoIx3/__Playlist_/a_.e2.delayed]
[www.subsetmedia.com/_https_/www.linkedin.com/in/cheyennesandler/__LinkedIn_/a__/p__,.e3.delayed]
[www.subsetmedia.com/people.html]
[images.squarespace-cdn.com/content/v1/62e18553aef02f736a44f06a/67dc2f9b-4531-4fce-9779-97fea1343950/focus+logo+trans.png]
[assets.squarespace.com/universal/scripts-compressed/extract-css-runtime-2e49227734eacfc2eb308-min.en-US.js]
[images.squarespace-cdn.com/content/v1/62e18553aef02f736a44f06a/932c5ff1-8ab5-4e12-9161-2704178618a0/AdobeStock_208244673.jpg]
[images.squarespace-cdn.com/content/v1/62e18553aef02f736a44f06a/b9e8b183-64e2-4aa2-ab67-921dcf74150c/AdobeStock_222280691.jpg]
[images.squarespace-cdn.com/content/v1/62e18553aef02f736a44f06a/c0e9b855-a1d8-4b60-96c5-210256d483d7/focus+graphic.png]
[images.squarespace-cdn.com/content/v1/62e18553aef02f736a44f06a/9adcd8d9-034c-483b-9ced-3b722e95ec6a/1667834844087.jpg]
[images.squarespace-cdn.com/content/v1/62e18553aef02f736a44f06a/2f32465d-a89e-40d0-a0da-2a459eb4af27/1517242972267.jpg]
[images.squarespace-cdn.com/content/v1/62e18553aef02f736a44f06a/332d3a10-220c-4300-b0b5-087338ee7fad/1662458896288.jpg]
[www.subsetmedia.com/focus.html]
[images.squarespace-cdn.com/content/v1/62e18553aef02f736a44f06a/5aac0b6d-34d6-4554-a486-9f06946718c0/fetch+logo+white.png]
[images.squarespace-cdn.com/content/v1/62e18553aef02f736a44f06a/9fb991ca-10a3-45ec-9ef4-8f6b400adf76/Asset+1.png]
[images.squarespace-cdn.com/content/v1/62e18553aef02f736a44f06a/3d536ff1-13a0-4001-8154-b358979ff312/AdobeStock_371798545.jpg]
[images.squarespace-cdn.com/content/v1/62e18553aef02f736a44f06a/9208ef74-f043-4e24-abfd-f66eedba09e3/AdobeStock_298241245.jpg]
[images.squarespace-cdn.com/content/v1/62e18553aef02f736a44f06a/ac1b833e-6722-4300-bf85-aa894101bcd2/fetch+graphic.png]
[www.subsetmedia.com/fetch.html]
[www.subsetmedia.com/contact.html]
[www.subsetmedia.com/media-1.html]
[www.subsetmedia.com/bloga409]
[assets.squarespace.com/universal/scripts-compressed/extract-css-runtime-d8a03da32b2152bb24090-min.en-US.js]
[www.subsetmedia.com/blog/best-of-22.html]
[www.subsetmedia.com/blog/holiday-traditions2022.html]
[www.subsetmedia.com/blog/category/Weekend+Series.html]
[www.subsetmedia.com/blog/2022trends.html]
[www.subsetmedia.com/blog/category/TrendSet.html]
[www.subsetmedia.com/blog/wrecking-ball.html]
[www.subsetmedia.com/blog/category/Uncategorized.html]
[www.subsetmedia.com/blog/clutter-free-gifts.html]
[www.subsetmedia.com/blog/attribution.html]
[www.subsetmedia.com/blog/tv-ads-comeback.html]
[www.subsetmedia.com/blog/category/Blog.html]
[www.subsetmedia.com/blog/happy-hour.html]
[www.subsetmedia.com/blog/premium-inventory.html]
[www.subsetmedia.com/blog/top-desserts.html]
[www.subsetmedia.com/blog/popular-media-channels.html]
[www.subsetmedia.com/blog/underrated-halloween-candy.html]
[www.subsetmedia.com/blog/terrifying-tips.html]
[www.subsetmedia.com/blog/mobile-spike.html]
[www.subsetmedia.com/blog/us-ad-sales-2022.html]
[www.subsetmedia.com/blog/must-watch-space-movies.html]
[www.subsetmedia.com/blog/ctv-study.html]
[www.subsetmedia.com/blog/fall-activities.html]
[www.subsetmedia.com/blog/cookie-diet.html]
[www.subsetmedia.com/blog/localized-messaging-is-effective-and-privacy-friendly.html]
[www.subsetmedia.com/blog.html]
[www.subsetmedia.com/home.html]
[www.subsetmedia.com/c.html]
[www.subsetmedia.com/b.html]
[www.subsetmedia.com/POST.html]
[www.subsetmedia.com/blogfdb9.html]
[images.squarespace-cdn.com/content/62e18553aef02f736a44f06a/1663200933490-6K88RBEZ5W9ACIGQUVXZ/Mask-Group-213-1ee8a.jpg]
[images.squarespace-cdn.com/content/v1/62e18553aef02f736a44f06a/bf41b77a-48fc-4810-85b7-23b71c838aaa/Mask-Group-213-1.jpg]
[images.squarespace-cdn.com/content/v1/62e18553aef02f736a44f06a/76c4f695-f6f1-4342-954a-610a0b1dd629/Mask-Group-212-1.jpg]
[images.squarespace-cdn.com/content/v1/62e18553aef02f736a44f06a/36fed613-5fc1-482a-a2f9-88f21e4dd3a5/Second-Harvest-Food-Bank.jpg]
[images.squarespace-cdn.com/content/v1/62e18553aef02f736a44f06a/13e41377-b49c-434d-a81f-f0da713308c0/Second-Harvest-Food-Bank3.jpg]
[www.subsetmedia.com/work/second-harvest-food-bank.html]
[images.squarespace-cdn.com/content/62e18553aef02f736a44f06a/1663209585496-Y80J2JN8KJFBFV6NSEAB/BAT-SPEED3ee8a.jpg]
[www.subsetmedia.com/work/bat-speed-recon.html]
[images.squarespace-cdn.com/content/62e18553aef02f736a44f06a/1663210227130-6021LL6W0N9ELWQGYUMG/Mask-Group-189botee8a.jpg]
[www.subsetmedia.com/work/good-stuff-botanicals.html]
[images.squarespace-cdn.com/content/62e18553aef02f736a44f06a/1663807164343-25CDZMYGI7FPD28KVOQB/3-promises-for-your-family-from-scripture5d45.png]
[www.subsetmedia.com/work/american-bible-society.html]
[images.squarespace-cdn.com/content/62e18553aef02f736a44f06a/1663808081324-AXHI0DAQBYDW3J4B1ZDO/lines-for-outreach-768x512ee8a.jpg]
[www.subsetmedia.com/work/los-angeles-mission.html]
[images.squarespace-cdn.com/content/62e18553aef02f736a44f06a/1663808991598-BOIPTZMG5YB5C0SLQSUL/FXAca9uUYAARtdK43a3.jpg]
[www.subsetmedia.com/work/geartrade.html]
[www.subsetmedia.com/_https_/open.spotify.com/playlist/37i9dQZF1E8JzWWwXy2mJFcf31.html]
[www.subsetmedia.com/_https_/www.linkedin.com/in/mattparker-subset/__LinkedIn_/a__/p__,.html]
[www.subsetmedia.com/_https_/www.youtube.com/watch2ed7.html]
[www.subsetmedia.com/_https_/www.linkedin.com/in/joel-chipman-cpa-018a4774/__LinkedIn_/a__/p__,.html]
[www.subsetmedia.com/_https_/open.spotify.com/playlist/37i9dQZF1DWYV7OOaGhoH08080.html]
[www.subsetmedia.com/_https_/www.linkedin.com/in/jake-grilley-263a92123/__LinkedIn_/a__/p__,.html]
[www.subsetmedia.com/_https_/open.spotify.com/playlist/37i9dQZF1DZ06evO49hLQAacde.html]
[www.subsetmedia.com/_https_/www.linkedin.com/in/ben-skeim-655447176/__LinkedIn_/a__/p__,.html]
[www.subsetmedia.com/_https_/open.spotify.com/playlist/37i9dQZF1DZ06evO1nxlXqe7a4.html]
[www.subsetmedia.com/_https_/www.linkedin.com/in/charles-blaney-47a731a/__LinkedIn_/a__/p__,.html]
[www.subsetmedia.com/_https_/www.linkedin.com/in/tj-forrest-97b25917a/__LinkedIn_/a__/p__,.html]
[www.subsetmedia.com/_http_/www.linkedin.com/in/madisonattridge/__LinkedIn_/a__/p__,.html]
[www.subsetmedia.com/_https_/open.spotify.com/playlist/37i9dQZF1DX6xOPeSOGone5944.html]
[www.subsetmedia.com/_https_/www.linkedin.com/in/claire-robins-75054795/__LinkedIn_/a__/p__,.html]
[www.subsetmedia.com/_https_/open.spotify.com/playlist/4ISNtUcie5wvE709GSLtqxdf36.html]
[www.subsetmedia.com/_https_/www.linkedin.com/public-profile/settings66fc.html]
[www.subsetmedia.com/_https_/open.spotify.com/playlist/2lFCzl7Al8bEr3AYMcoIx3/__Playlist_/a_.html]
[www.subsetmedia.com/_https_/www.linkedin.com/in/cheyennesandler/__LinkedIn_/a__/p__,.html]
[images.squarespace-cdn.com/content/62e18553aef02f736a44f06a/1672157173157-ME37ZK5UQ2RRHCQE8HLN/best+of+2243a3.jpg]
[www.subsetmedia.com/bloga082.html]
[www.subsetmedia.com/blog/the-95-5-rule.html]
[www.subsetmedia.com/blog/do-more-with-less.html]
[www.subsetmedia.com/blog/old-school-marketing.html]
[www.subsetmedia.com/blog/cookies-to-stay-longer.html]
[www.subsetmedia.com/blog/first-party-data.html]
[www.subsetmedia.com/blog/recoupling-creative-and-media-a-renaissance.html]
[www.subsetmedia.com/blog/best-of-22.html]
[www.subsetmedia.com/blog/tag/digital+marketing.html]
[images.squarespace-cdn.com/content/62e18553aef02f736a44f06a/1671812444146-GS8DY9DCXI2VT02NIOP9/holiday+traditions+2022+Blog43a3.jpg]
[www.subsetmedia.com/blog/tag/holiday.html]
[www.subsetmedia.com/blog/holiday-traditions2022.html]
[www.subsetmedia.com/blog/category/Weekend+Series.html]
[www.subsetmedia.com/blog/tag/Weekend.html]
[images.squarespace-cdn.com/content/62e18553aef02f736a44f06a/1671210606270-K9H4MHKVL6Q59RXXJ1ZI/2022+review43a3.jpg]
[www.subsetmedia.com/blogce9b.html]
[www.subsetmedia.com/blog/trendset-contextual-targeting.html]
[www.subsetmedia.com/blog/trendset-creative-advertising.html]
[www.subsetmedia.com/blog/trendset-dooh.html]
[www.subsetmedia.com/blog/2022trends.html]
[www.subsetmedia.com/blog/category/TrendSet.html]
[www.subsetmedia.com/blog/trendset_digitalaudio.html]
[images.squarespace-cdn.com/content/62e18553aef02f736a44f06a/1671204477886-E9XYGTQKFLKNN3D1XC31/brecking+ball+Blog43a3.jpg]
[www.subsetmedia.com/blog/wrecking-ball.html]
[www.subsetmedia.com/blogee75.html]
[www.subsetmedia.com/blog/back-to-school.html]
[www.subsetmedia.com/blog/q4_adcrunch.html]
[www.subsetmedia.com/blog/concerts.html]
[www.subsetmedia.com/blog/programmaticandpaidsocial.html]
[www.subsetmedia.com/blog/cannes2022.html]
[www.subsetmedia.com/blog/independence-day-playlist.html]
[www.subsetmedia.com/blog/summerfoods.html]
[www.subsetmedia.com/blog/goodbye_ipod-ie.html]
[www.subsetmedia.com/blog/test-the-metaverse.html]
[www.subsetmedia.com/blog/dooh_video_study.html]
[www.subsetmedia.com/blog/new-music.html]
[www.subsetmedia.com/blog/category/Uncategorized.html]
[www.subsetmedia.com/blog/on-topic-googles-latest-cookie-replacement-idea.html]
[images.squarespace-cdn.com/content/v1/62e18553aef02f736a44f06a/1670438230247-WST2YWAVZ2R6BD0PV3CZ/clutter-Free-blog.jpg]
[images.squarespace-cdn.com/content/62e18553aef02f736a44f06a/1670438146535-POVYLEPTFLLP8HI17SYY/AdobeStock_143825253-300x200ee8a.jpg]
[images.squarespace-cdn.com/content/62e18553aef02f736a44f06a/1670438147745-9GSPIRESSYXSCB3ECSA7/AdobeStock_154441096-300x200ee8a.jpg]
[images.squarespace-cdn.com/content/62e18553aef02f736a44f06a/1670438146236-344TS3J4O0W56UCIN5CB/AdobeStock_119566855-300x200ee8a.jpg]
[images.squarespace-cdn.com/content/62e18553aef02f736a44f06a/1670438151842-AMOHFB50EAXRFZ40DGFS/AdobeStock_514930058-300x200ee8a.jpg]
[images.squarespace-cdn.com/content/62e18553aef02f736a44f06a/1670438150243-4NM1LPLV9GVIH1XSZC8I/AdobeStock_338314566-300x200ee8a.jpg]
[images.squarespace-cdn.com/content/62e18553aef02f736a44f06a/1670438150440-TJ36ZPCPDFHXFDVWFZQ8/AdobeStock_451400003-300x209ee8a.jpg]
[images.squarespace-cdn.com/content/62e18553aef02f736a44f06a/1670438149840-RPPW06PD3YAEHMG44LV3/AdobeStock_290124711-300x200ee8a.jpg]
[images.squarespace-cdn.com/content/62e18553aef02f736a44f06a/1670438148476-WN9H8TX1NQI1UVCS1YZO/AdobeStock_193398848-300x161ee8a.jpg]
[images.squarespace-cdn.com/content/62e18553aef02f736a44f06a/1670438150139-HR806EGI0TD9A2WOT7AK/AdobeStock_336857903-300x200ee8a.jpg]
[images.squarespace-cdn.com/content/62e18553aef02f736a44f06a/1670438150540-J3BU1Q2HFT19IDY45L5X/AdobeStock_501970001-300x200ee8a.jpg]
[images.squarespace-cdn.com/content/62e18553aef02f736a44f06a/1670438146139-7W2U2XVS829JT6FI2AFD/AdobeStock_104070721-300x200ee8a.jpg]
[images.squarespace-cdn.com/content/62e18553aef02f736a44f06a/1670438228237-TQ798YIHRY2DBNLL32AZ/AdobeStock_413765283-scaled-e1670020123136ee8a.jpg]
[images.squarespace-cdn.com/content/62e18553aef02f736a44f06a/1670438149338-LQ2B7WI50PP0O3TS2B1O/AdobeStock_224671539-300x200ee8a.jpg]
[images.squarespace-cdn.com/content/62e18553aef02f736a44f06a/1670438149965-1UNZ9NXEVO9EC4YSMB2F/AdobeStock_298678837-300x200ee8a.jpg]
[images.squarespace-cdn.com/content/62e18553aef02f736a44f06a/1670438149737-A7P29DV1TF2MD78HEMAY/AdobeStock_243853739-300x200ee8a.jpg]
[images.squarespace-cdn.com/content/62e18553aef02f736a44f06a/1670438146436-559N88ZERM0E86E8VKJY/AdobeStock_125690516-300x200ee8a.jpg]
[www.subsetmedia.com/blog/clutter-free-gifts.html]
[images.squarespace-cdn.com/content/v1/62e18553aef02f736a44f06a/1670438222840-7QPPDJB1CW00QT8KOY35/attribution-FB.jpg]
[www.subsetmedia.com/blog/attribution.html]
[images.squarespace-cdn.com/content/v1/62e18553aef02f736a44f06a/1670438222441-LUPU9QAMJ6123P2GLCI6/Tv-with-Ads-Blog.jpg]
[www.subsetmedia.com/blog/tag/advertising.html]
[www.subsetmedia.com/blog/tag/connected+tv.html]
[www.subsetmedia.com/blog/tag/digital+advertising.html]
[www.subsetmedia.com/blog/tv-ads-comeback.html]
[www.subsetmedia.com/blog/tag/streaming.html]
[www.subsetmedia.com/blog/programmatic-pitfalls.html]
[www.subsetmedia.com/blog/end-of-summer-checklist.html]
[www.subsetmedia.com/blog/game-on.html]
[www.subsetmedia.com/blog/lunar-facts.html]
[www.subsetmedia.com/blog/the-dogs-of-subset.html]
[www.subsetmedia.com/blog/fair-favorites.html]
[www.subsetmedia.com/blog/gadgets-you-dont-need.html]
[www.subsetmedia.com/blog/category/Blog.html]
[www.subsetmedia.com/blog48ce.html]
[images.squarespace-cdn.com/content/v1/62e18553aef02f736a44f06a/1670438223140-H9EG6N2YU6S84OX1IAFM/happy-hour-blog.jpg]
[images.squarespace-cdn.com/content/62e18553aef02f736a44f06a/1670438146038-L12BTOAK5DTBLUL52OOT/Moscow_Mule_at_Rye_San_Francisco-300x200ee8a.jpg]
[images.squarespace-cdn.com/content/62e18553aef02f736a44f06a/1670438220437-97HO7L3UOGNWRD5X17H6/MargaritaRealee8a.jpg]
[images.squarespace-cdn.com/content/62e18553aef02f736a44f06a/1670438219934-VDNMJWTORVUOCNT6XI9U/1280px-Whiskey_Souree8a.jpg]
[images.squarespace-cdn.com/content/62e18553aef02f736a44f06a/1670438220338-TZ0FJ0GX30XAV9LBQRWG/Cosmopolitan_5076906532ee8a.jpg]
[www.subsetmedia.com/blog/tag/cocktails.html]
[www.subsetmedia.com/blog/happy-hour.html]
[www.subsetmedia.com/blog/tag/happy+hour.html]
[images.squarespace-cdn.com/content/v1/62e18553aef02f736a44f06a/1670438220942-U1JECOUBJLWU2YQW04S6/Premium-Inventory-FB.jpg]
[www.subsetmedia.com/blog/premium-inventory.html]
[images.squarespace-cdn.com/content/v1/62e18553aef02f736a44f06a/1670438221140-OALRKRXETAA248GLJX31/Top-Desserts-Blog.jpg]
[www.subsetmedia.com/blog/top-desserts.html]
[images.squarespace-cdn.com/content/v1/62e18553aef02f736a44f06a/1670438215242-IZSK9C2KLH8D3G1EPBJV/Popular-Media-Channels-Blog.jpg]
[www.subsetmedia.com/blog/popular-media-channels.html]
[images.squarespace-cdn.com/content/v1/62e18553aef02f736a44f06a/1670438216339-1RFL8A99OH6MDAXWZ1QA/Underrated-Candy-Blog.jpg]
[images.squarespace-cdn.com/content/62e18553aef02f736a44f06a/1670438203338-PKA2M31U7Q9TDXIXUCGR/100-Grand-Wrapper-Smallee8a.jpg]
[images.squarespace-cdn.com/content/62e18553aef02f736a44f06a/1670438218841-Y8FURTR57VOSP06QPP0K/hsy-002436_1-e16669024097285d45.png]
[images.squarespace-cdn.com/content/62e18553aef02f736a44f06a/1670438202938-YZH46RQW5H326ERNDETO/007097047123-e1666902356372ee8a.jpg]
[www.subsetmedia.com/blog/underrated-halloween-candy.html]
[images.squarespace-cdn.com/content/v1/62e18553aef02f736a44f06a/1670438215634-ZS3L4NHIYOD4AG9T6K86/Terrifying-Tips-Blog.png]
[www.subsetmedia.com/blog/terrifying-tips.html]
[images.squarespace-cdn.com/content/v1/62e18553aef02f736a44f06a/1670438214538-VHMTYXK5KSO68WUD3XY3/Mobile-SPike-BLog.jpg]
[www.subsetmedia.com/blog/mobile-spike.html]
[images.squarespace-cdn.com/content/v1/62e18553aef02f736a44f06a/1670438216151-AF04CX7BD5WABD8H8Z43/US-Ad-sales-22-blog.jpg]
[www.subsetmedia.com/blog/us-ad-sales-2022.html]
[images.squarespace-cdn.com/content/v1/62e18553aef02f736a44f06a/1670438215444-FF5O52WWD006OYKE2K5S/Space-Movies-Blog.jpg]
[images.squarespace-cdn.com/content/62e18553aef02f736a44f06a/1670438210837-1H3RDYSP1P24BXCP4O6Y/MV5BMTc2MTQ3MDA1Nl5BMl5BanBnXkFtZTgwODA3OTI4NjE@._V1_ee8a.jpg]
[www.subsetmedia.com/blog/must-watch-space-movies.html]
[images.squarespace-cdn.com/content/v1/62e18553aef02f736a44f06a/1670438210540-YTUBZ83LXR6G0UZ807OY/CTV-Study.jpg]
[www.subsetmedia.com/blog/ctv-study.html]
[images.squarespace-cdn.com/content/v1/62e18553aef02f736a44f06a/1670438218339-RLVT6T6UOEGGHPOALD2H/fall-activities.jpg]
[images.squarespace-cdn.com/content/62e18553aef02f736a44f06a/1670438143651-3CNZU8INP1G1SWDOACE4/AdobeStock_376422895-300x200ee8a.jpg]
[images.squarespace-cdn.com/content/62e18553aef02f736a44f06a/1670438145337-WNRCN8QWDUUXVCO1JSGM/AdobeStock_71683297-300x209ee8a.jpg]
[images.squarespace-cdn.com/content/62e18553aef02f736a44f06a/1670438142463-BYAQDNBR4UJCR7N8OYPG/AdobeStock_286291424-300x200ee8a.jpg]
[images.squarespace-cdn.com/content/62e18553aef02f736a44f06a/1670438144636-2ML4R2VKV1U7A01DDUP2/AdobeStock_380700712-300x200ee8a.jpg]
[images.squarespace-cdn.com/content/62e18553aef02f736a44f06a/1670438145737-B4OTYX9CECHJ5R61NCEO/AdobeStock_88110549-300x200ee8a.jpg]
[images.squarespace-cdn.com/content/62e18553aef02f736a44f06a/1670438142146-RGJWFJRI57L2FP4H4IY6/AdobeStock_175366187-300x200ee8a.jpg]
[images.squarespace-cdn.com/content/62e18553aef02f736a44f06a/1670438142340-2FA0VM0OEQUJERPH5V7U/AdobeStock_185530167-300x200ee8a.jpg]
[www.subsetmedia.com/blog/fall-activities.html]
[images.squarespace-cdn.com/content/v1/62e18553aef02f736a44f06a/1670438195537-JNBAYKK7DS2QOY3F70ET/Cookie-Diet-Blog.jpg]
[www.subsetmedia.com/blog/cookie-diet.html]
[images.squarespace-cdn.com/content/v1/62e18553aef02f736a44f06a/1670438199139-D00ZR2IGJBS6BZKFI5YN/Localized-messaging-Blog.jpg]
[www.subsetmedia.com/blog/localized-messaging-is-effective-and-privacy-friendly.html]
[www.subsetmedia.com/blog0f9f.html]
[www.subsetmedia.com/blogfdb9.html]
[www.subsetmedia.com/bloga082.html]
[www.subsetmedia.com/blogf947.html]
[images.squarespace-cdn.com/content/v1/62e18553aef02f736a44f06a/1670438179945-1U4L9FA1O4OJRP9SLNZ9/95-5-rule-blog.jpg]
[www.subsetmedia.com/blog/the-95-5-rule.html]
[images.squarespace-cdn.com/content/v1/62e18553aef02f736a44f06a/1670438182740-61HC9PMJJ7S5KR5969JY/Do-more-with-less.jpg]
[www.subsetmedia.com/blog/do-more-with-less.html]
[images.squarespace-cdn.com/content/v1/62e18553aef02f736a44f06a/1670438193444-R7TVMSVO22TDQW39FPD6/Old-School-Blog.jpg]
[www.subsetmedia.com/blog/old-school-marketing.html]
[images.squarespace-cdn.com/content/v1/62e18553aef02f736a44f06a/1670438181941-ZWKLPX0CP89TO3QJJECD/Cookies-to-stay-Blog.jpg]
[www.subsetmedia.com/blog/cookies-to-stay-longer.html]
[images.squarespace-cdn.com/content/v1/62e18553aef02f736a44f06a/1670438175502-75V3JCS6UIDY56RPNZJS/First-Party-Blog.jpg]
[www.subsetmedia.com/blog/first-party-data.html]
[images.squarespace-cdn.com/content/v1/62e18553aef02f736a44f06a/1670438153542-3N6JCWHP5AM8FS4X4EVJ/Creative-and-media.png]
[www.subsetmedia.com/blog/subsets-classic-movies-for-a-long-weekend.html]
[www.subsetmedia.com/blog/recoupling-creative-and-media-a-renaissance.html]
[www.subsetmedia.com/blog/tag/digital+marketing.html]
[www.subsetmedia.com/blog/tag/holiday.html]
[www.subsetmedia.com/blog/tag/Weekend.html]
[www.subsetmedia.com/blogce9b.html]
[www.subsetmedia.com/blog/subsets-favorite-super-bowl-ads.html]
[images.squarespace-cdn.com/content/v1/62e18553aef02f736a44f06a/1670438160038-YSA9A7B02VA1VI7XPOO9/Blog_contextual.jpg]
[www.subsetmedia.com/blog/earth-day.html]
[www.subsetmedia.com/blog/trendset-contextual-targeting.html]
[www.subsetmedia.com/blog/egg-recipes.html]
[images.squarespace-cdn.com/content/v1/62e18553aef02f736a44f06a/1670438161643-ZGRWI28M3B1892PCAUJM/Blog_creative.jpg]
[www.subsetmedia.com/blog/trendset-creative-advertising.html]
[assets.squarespace.com/universal/scripts-compressed/extract-css-runtime-943cd80143458f75f1d0a-min.en-US.js]
[www.subsetmedia.com/blog/essential-books-to-read-for-the-weekend.html]
[images.squarespace-cdn.com/content/v1/62e18553aef02f736a44f06a/1670438154344-624S40JD3DK7K0TVG6NQ/Blog_DOOH.png]
[www.subsetmedia.com/blog/tag/dooh.html]
[www.subsetmedia.com/blog/tag/marketing.html]
[www.subsetmedia.com/blog/trendset-dooh.html]
[www.subsetmedia.com/blog/subsets-favorite-activities-for-a-spring-weekend.html]
[images.squarespace-cdn.com/content/v1/62e18553aef02f736a44f06a/1670438158335-VMTKEX19B8D33L3KS3PD/trendset_audio.png]
[www.subsetmedia.com/blog/trendset_digitalaudio.html]
[www.subsetmedia.com/blog/spring-cleaning-checklist.html]
[www.subsetmedia.com/blogee75.html]
[www.subsetmedia.com/blog8f41.html]
[images.squarespace-cdn.com/content/v1/62e18553aef02f736a44f06a/1670438180642-ACZN9QYSZGFZQ08QY7KK/BTS-Blog.jpg]
[images.squarespace-cdn.com/content/62e18553aef02f736a44f06a/1670438195141-F9I7AQ15OQJXXZ0R8TFG/mead_5_subjectee8a.jpg]
[images.squarespace-cdn.com/content/62e18553aef02f736a44f06a/1670438195436-P3WCH6NW91N8SDT9MPOO/spin_prod_1034249612ee8a.jpg]
[images.squarespace-cdn.com/content/62e18553aef02f736a44f06a/1670438192939-Q909VSW6Q8VSXC3E85O6/Image-from-iOSee8a.jpg]
[images.squarespace-cdn.com/content/62e18553aef02f736a44f06a/1670438178070-WSABGA33O6KL66Z8524A/074cc01974dad543cf40da0376e77825ee8a.jpg]
[images.squarespace-cdn.com/content/62e18553aef02f736a44f06a/1670438183336-Q32OXXTQ3WS53BN8UAG2/GUEST_f3bc9c2f-c514-4a9f-8bd6-dea73332b2efee8a.jpg]
[www.subsetmedia.com/blog/back-to-school.html]
[images.squarespace-cdn.com/content/v1/62e18553aef02f736a44f06a/1670438193638-ATBLSS6CP0VUY4E134AZ/Q4-Crunch-Blog.jpg]
[www.subsetmedia.com/blog/q4_adcrunch.html]
[images.squarespace-cdn.com/content/v1/62e18553aef02f736a44f06a/1670438175242-0M37AE4E5T49ZWSMJ8BL/Concerts-Blog.jpg]
[www.subsetmedia.com/blog/concerts.html]
[images.squarespace-cdn.com/content/v1/62e18553aef02f736a44f06a/1670438176647-SZH47ZZNZTIV0D2BLXY6/Progg-and-Social-Blog.jpg]
[www.subsetmedia.com/blog/programmaticandpaidsocial.html]
[images.squarespace-cdn.com/content/v1/62e18553aef02f736a44f06a/1670438174742-567AGLES78QCQAQH4WMQ/Cannes-2022-Blog.jpg]
[www.subsetmedia.com/blog/cannes2022.html]
[images.squarespace-cdn.com/content/v1/62e18553aef02f736a44f06a/1670438175947-3EIJWVFJADJRVVJJOMZC/IndPlaylist-FB.jpg]
[www.subsetmedia.com/blog/independence-day-playlist.html]
[images.squarespace-cdn.com/content/v1/62e18553aef02f736a44f06a/1670438169837-MMSUS0GIP2G01AHPGRB9/Summer-Food.jpg]
[www.subsetmedia.com/blog/summerfoods.html]
[images.squarespace-cdn.com/content/v1/62e18553aef02f736a44f06a/1670438166849-611W0PDCD0URJEPGT16N/End-of-Era-Blog.jpg]
[www.subsetmedia.com/blog/goodbye_ipod-ie.html]
[images.squarespace-cdn.com/content/v1/62e18553aef02f736a44f06a/1670438169238-137TEBDPMIXJOD8RPHJC/Metaverse-Blog.png]
[www.subsetmedia.com/blog/test-the-metaverse.html]
[www.subsetmedia.com/blog/hiking.html]
[images.squarespace-cdn.com/content/v1/62e18553aef02f736a44f06a/1670438163248-PVZEU54TMTSUAKJF3JOY/Blog_contextual.jpg]
[www.subsetmedia.com/blog/roadtriptips.html]
[www.subsetmedia.com/blog/dooh_video_study.html]
[www.subsetmedia.com/blog/life-hacks.html]
[images.squarespace-cdn.com/content/v1/62e18553aef02f736a44f06a/1670438161950-F6XI1ZKE15V5GMR069DQ/Blog_new-music2.jpg]
[www.subsetmedia.com/blog/new-music.html]
[www.subsetmedia.com/blog/trendset-ctv.html]
[images.squarespace-cdn.com/content/v1/62e18553aef02f736a44f06a/1670438153937-G8MUCVU37BO633DP4HTK/Topics-Blog.png]
[www.subsetmedia.com/blog/on-topic-googles-latest-cookie-replacement-idea.html]
[www.subsetmedia.com/blog/subsets-four-recipes-to-close-out-soup-season.html]
[www.subsetmedia.com/blog/nationalcheeseday.html]
[www.subsetmedia.com/blog/aiautomationdifferences.html]
[www.subsetmedia.com/blog/contextualvsbehavioral.html]
[www.subsetmedia.com/blog/tag/advertising.html]
[www.subsetmedia.com/blog/tag/connected+tv.html]
[www.subsetmedia.com/blog/tag/digital+advertising.html]
[www.subsetmedia.com/blog/tag/streaming.html]
[www.subsetmedia.com/blog/a-cookie-less-future.html]
[images.squarespace-cdn.com/content/v1/62e18553aef02f736a44f06a/1670438202253-FRPDUJ3G1E5PDI6EQZ48/Prog-Pitfalls.jpg]
[www.subsetmedia.com/blog/programmatic-pitfalls.html]
[images.squarespace-cdn.com/content/v1/62e18553aef02f736a44f06a/1670438198237-70IVOJGCN9JHC2ASQMNO/End-of-summer-Blog.jpg]
[images.squarespace-cdn.com/content/62e18553aef02f736a44f06a/1670438195837-P2Z1BW7ICQ3OET3VMQKD/End-of-Summer-1ee8a.jpg]
[images.squarespace-cdn.com/content/62e18553aef02f736a44f06a/1670438196238-SXBRLM2UXCCWDC1D4SR8/End-of-Summer-2ee8a.jpg]
[images.squarespace-cdn.com/content/62e18553aef02f736a44f06a/1670438196838-M1RV5JLMW1AV4P6333Q7/End-of-Summer-3ee8a.jpg]
[images.squarespace-cdn.com/content/62e18553aef02f736a44f06a/1670438197538-4OHZLSXEZ4LWBXB0FMYH/End-of-Summer-4ee8a.jpg]
[images.squarespace-cdn.com/content/62e18553aef02f736a44f06a/1670438198045-S171QL62515EMVICF9TG/End-of-Summer-5ee8a.jpg]
[www.subsetmedia.com/blog/end-of-summer-checklist.html]
[images.squarespace-cdn.com/content/v1/62e18553aef02f736a44f06a/1670438198753-UIIJDTGUQH224ZJ4PCX7/Game-On.jpg]
[www.subsetmedia.com/blog/game-on.html]
[images.squarespace-cdn.com/content/v1/62e18553aef02f736a44f06a/1670438201742-S0MWS2ZIKGGTGHI4Z3HD/Moon-Blog.jpg]
[images.squarespace-cdn.com/content/62e18553aef02f736a44f06a/1670438199452-4FE2U4T79DIYSEC3A14X/Moon-1ee8a.jpg]
[images.squarespace-cdn.com/content/62e18553aef02f736a44f06a/1670438199544-L4HJTVXYJ5U31V3FOZO4/Moon-2ee8a.jpg]
[images.squarespace-cdn.com/content/62e18553aef02f736a44f06a/1670438199838-6J02JXSK1WJ3I9VRW9I7/Moon-3ee8a.jpg]
[images.squarespace-cdn.com/content/62e18553aef02f736a44f06a/1670438200139-W6FDUJ945IEGZQC8ALBG/Moon-4ee8a.jpg]
[images.squarespace-cdn.com/content/62e18553aef02f736a44f06a/1670438200835-7GI3WA30GSIGKFYFHZGS/Moon-5ee8a.jpg]
[www.subsetmedia.com/blog/lunar-facts.html]
[images.squarespace-cdn.com/content/v1/62e18553aef02f736a44f06a/1670438182641-17WKJKRABMP6P2XUOO2Z/DOS-Blog.jpg]
[images.squarespace-cdn.com/content/62e18553aef02f736a44f06a/1670438138142-GI5006ASV3USB48ANVEU/IMG_2258-225x300ee8a.jpg]
[images.squarespace-cdn.com/content/62e18553aef02f736a44f06a/1670438138543-4FJH8JA2WECBNM4MJAAL/IMG_2180-225x300ee8a.jpg]
[images.squarespace-cdn.com/content/62e18553aef02f736a44f06a/1670438141132-7HSB7YH0RJ7ZNVU9ZCB8/IMG_3499-300x222ee8a.jpg]
[images.squarespace-cdn.com/content/62e18553aef02f736a44f06a/1670438140434-M4EAXUHOO6LKPJK2TQAI/IMG_3369-300x225ee8a.jpg]
[images.squarespace-cdn.com/content/62e18553aef02f736a44f06a/1670438187540-L7SDATLC72SX989MSKPI/IMG_3476-scaled-e1661618540479ee8a.jpg]
[images.squarespace-cdn.com/content/62e18553aef02f736a44f06a/1670438191132-0E6QYAZABOEP9SXD95L5/IMG_4037ee8a.jpg]
[images.squarespace-cdn.com/content/62e18553aef02f736a44f06a/1670438190841-K0TT57PEKST3MVRUBOPY/IMG_4036ee8a.jpg]
[images.squarespace-cdn.com/content/62e18553aef02f736a44f06a/1670438190237-S1KHP8IYPWC9LMVGHOHS/IMG_4035ee8a.jpg]
[images.squarespace-cdn.com/content/62e18553aef02f736a44f06a/1670438189839-ZJXJ9EENI0Y0XWPIGHP1/IMG_4033ee8a.jpg]
[images.squarespace-cdn.com/content/62e18553aef02f736a44f06a/1670438141833-D1NJZG8ZQ9M8NAYQ7Z3Y/IMG_3714-251x300ee8a.jpg]
[images.squarespace-cdn.com/content/62e18553aef02f736a44f06a/1670438141538-BBHYC7K4BXQAVL1WBOCH/IMG_3698-300x225ee8a.jpg]
[images.squarespace-cdn.com/content/62e18553aef02f736a44f06a/1670438188345-2G6ALR9OIY7M62002BH3/IMG_3665ee8a.jpg]
[images.squarespace-cdn.com/content/62e18553aef02f736a44f06a/1670438191842-CXY35270OX0J7HPQTZ57/IMG_8589ee8a.jpg]
[images.squarespace-cdn.com/content/62e18553aef02f736a44f06a/1670438192238-PHCOJGDF05PAJEPH805M/Image-from-iOS-1ee8a.jpg]
[images.squarespace-cdn.com/content/62e18553aef02f736a44f06a/1670438142040-NQRVEW4SGOR5CDRQ5V74/IMG_5636-225x300ee8a.jpg]
[images.squarespace-cdn.com/content/62e18553aef02f736a44f06a/1670438141935-OTH1XAAFYUPD6LV2NFRQ/IMG_4362-225x300ee8a.jpg]
[images.squarespace-cdn.com/content/62e18553aef02f736a44f06a/1670438139439-30RXB5RHFC2A07KGL1EH/IMG_2883-300x300ee8a.jpg]
[images.squarespace-cdn.com/content/62e18553aef02f736a44f06a/1670438137649-WN5QC0W3ZGXCADJV7R1K/IMG_1982-300x300ee8a.jpg]
[images.squarespace-cdn.com/content/62e18553aef02f736a44f06a/1670438138442-OE7GJWVN5ZCLV6N41TA0/IMG_1416-300x300ee8a.jpg]
[www.subsetmedia.com/blog/tag/dogs.html]
[www.subsetmedia.com/blog/the-dogs-of-subset.html]
[www.subsetmedia.com/blog/tag/nationaldogday.html]
[images.squarespace-cdn.com/content/v1/62e18553aef02f736a44f06a/1670438183148-SWN4O49JIPHDWBOEYGJ8/Fair-Season.jpg]
[www.subsetmedia.com/blog/fair-favorites.html]
[images.squarespace-cdn.com/content/v1/62e18553aef02f736a44f06a/1670438175555-5WABGTSEE480IWGVLPNX/Gadgets-Blog.jpg]
[assets.squarespace.com/universal/scripts-compressed/extract-css-runtime-e4356e818759bcbfff4c7-min.en-US.js]
[images.squarespace-cdn.com/content/62e18553aef02f736a44f06a/1670438177352-NRFRARNH0G5L78UJ8G0U/Riding-Cooler-Scooter-Model-CZ-HB-Sport-X-5ee8a.jpg]
[images.squarespace-cdn.com/content/62e18553aef02f736a44f06a/1670438172746-NSW8VGJ40U2TTUSUOS0D/715XQpz443L._AC_SL1500_ee8a.jpg]
[images.squarespace-cdn.com/content/62e18553aef02f736a44f06a/1670438174547-WXARC26UUN1H7XESLFMO/81yWoOKp2fL._AC_SL1500_ee8a.jpg]
[images.squarespace-cdn.com/content/62e18553aef02f736a44f06a/1670438171954-DX9H260747FDU66C21J3/61whyIU9FQS._AC_SL1500_ee8a.jpg]
[images.squarespace-cdn.com/content/62e18553aef02f736a44f06a/1670438171558-ADPP2SX77FFJU61029XV/61RNk5OhabL._AC_SL1446_ee8a.jpg]
[images.squarespace-cdn.com/content/62e18553aef02f736a44f06a/1670438173944-R7BVQYR6WY4702QN15TU/81aMo0xo37L._AC_SL1500_ee8a.jpg]
[images.squarespace-cdn.com/content/62e18553aef02f736a44f06a/1670438173354-HBVRB600AHCN833A1JDR/71BQlJyolpL._AC_SL1000_ee8a.jpg]
[images.squarespace-cdn.com/content/62e18553aef02f736a44f06a/1670438174044-W556JIJVT3KQK3IR75KB/81gDavIk4EL._AC_SL1500_ee8a.jpg]
[www.subsetmedia.com/blog/gadgets-you-dont-need.html]
[www.subsetmedia.com/blog/hockey_marketingfunnel.html]
[www.subsetmedia.com/blog/crossdevice-targeting.html]
[www.subsetmedia.com/blog/animal-facts.html]
[www.subsetmedia.com/blog/five-ways-to-celebrate-mom-on-mothers-day.html]
[www.subsetmedia.com/blog/plant-tips.html]
[www.subsetmedia.com/blog/discovering-new-brands.html]
[www.subsetmedia.com/blog4d1e.html]
[www.subsetmedia.com/blog48ce.html]
[www.subsetmedia.com/blog/tag/cocktails.html]
[www.subsetmedia.com/blog/tag/happy+hour.html]
[static1.squarespace.com/static/62e18553aef02f736a44f06a/6390dc1a23b3c42eccd408eb/6390dc1f23b3c42eccd40eb2/1670437919658/125592-01_dots-candy-mini-packs-17-piece-bag-e1666902434370.1800e7d.de]
[static1.squarespace.com/static/62e18553aef02f736a44f06a/6390dc1a23b3c42eccd408eb/6390dc1f23b3c42eccd40eb8/1670437919672/129629-01_warheads-smashups-extreme-sour-hard-candy-packs-12-piece-box]
[static1.squarespace.com/static/62e18553aef02f736a44f06a/6390dc1a23b3c42eccd408eb/6390dc1f23b3c42eccd40ecf/1670437919921/127387-01_charleston-chew-mini-size-candy-bars-120-piece-bag-e16669023]
[www.subsetmedia.com/blog2f0d.html]
[static1.squarespace.com/static/62e18553aef02f736a44f06a/6390dc1a23b3c42eccd408eb/6390dc1f23b3c42eccd40eb5/1670437919666/127355-01_reeses-pieces-candy-packs-18-piece-box-e1666902517623.1870e7]
[static1.squarespace.com/static/62e18553aef02f736a44f06a/6390dc1a23b3c42eccd408eb/6390dc4623b3c42eccd414b6/1670437958185/MV5BNzc5MjkzZWEtMjBmZS00NDJlLWI3N2UtNzgwYmI4ZGM5ODM5XkEyXkFqcGdeQXVyOT]
[www.subsetmedia.com/blog0f9f.html]
[static1.squarespace.com/static/62e18553aef02f736a44f06a/6390dc1a23b3c42eccd408eb/6390dc1f23b3c42eccd40e94/1670437919601/MV5BMTk4NzAwOTkwMF5BMl5BanBnXkFtZTYwMDM3MTM3._V1_FMjpg_UX1000_.1900e7d]
[static1.squarespace.com/static/62e18553aef02f736a44f06a/6390dc1a23b3c42eccd408eb/6390dc1f23b3c42eccd40e9d/1670437919620/MV5BOGQzZTBjMjQtOTVmMS00NGE5LWEyYmMtOGQ1ZGZjNmRkYjFhXkEyXkFqcGdeQXVyMj]
[static1.squarespace.com/static/62e18553aef02f736a44f06a/6390dc1a23b3c42eccd408eb/6390dc1f23b3c42eccd40e97/1670437919607/MV5BNWExNzg3MmMtYjc3MS00MzFlLWJiOWQtNWYxZTgxNjhlZTQ2XkEyXkFqcGdeQXVyNz]
[www.subsetmedia.com/blog5888.html]
[www.subsetmedia.com/blogf947.html]
[www.subsetmedia.com/blog26ec.html]
[images.squarespace-cdn.com/content/v1/62e18553aef02f736a44f06a/1670438152236-TB711AS0JJMRQQ95KW85/Classic-Movies-Blog.png]
[www.subsetmedia.com/blog/subsets-classic-movies-for-a-long-weekend.html]
[images.squarespace-cdn.com/content/v1/62e18553aef02f736a44f06a/1670438154144-X08IN6LT6T9F1GRGSC3B/superbowl-ad_graphic-update.png]
[www.subsetmedia.com/blog/tag/creative.html]
[www.subsetmedia.com/blog/tag/media.html]
[www.subsetmedia.com/blog/tag/messaging.html]
[www.subsetmedia.com/blog/tag/super+bowl.html]
[www.subsetmedia.com/blog/tag/television.html]
[www.subsetmedia.com/blog/tag/video.html]
[www.subsetmedia.com/blog/subsets-favorite-super-bowl-ads.html]
[www.subsetmedia.com/blog/welcome-to-the-subset-blog.html]
[images.squarespace-cdn.com/content/v1/62e18553aef02f736a44f06a/1670438162338-C10IC80FKYVY53Y6EVSE/earthday-blog.png]
[www.subsetmedia.com/blog/earth-day.html]
[images.squarespace-cdn.com/content/v1/62e18553aef02f736a44f06a/1670438162037-VTX1DU8732EKDJW9GCGR/Eggs-FB.jpg]
[www.subsetmedia.com/blog/egg-recipes.html]
[images.squarespace-cdn.com/content/v1/62e18553aef02f736a44f06a/1670438162443-F3MPAW3EDR23NHHT4NXY/essentialbooks.png]
[www.subsetmedia.com/blog/essential-books-to-read-for-the-weekend.html]
[www.subsetmedia.com/blog/tag/dooh.html]
[www.subsetmedia.com/blog/tag/marketing.html]
[images.squarespace-cdn.com/content/v1/62e18553aef02f736a44f06a/1670438157635-9WKEX8B4KNABR78JZG3F/Spring-Blog.jpg]
[www.subsetmedia.com/blog/subsets-favorite-activities-for-a-spring-weekend.html]
[images.squarespace-cdn.com/content/v1/62e18553aef02f736a44f06a/1670438157951-YUISTV95PQKF4SLSHA01/Spring-cleaning-Blog.png]
[www.subsetmedia.com/blog/spring-cleaning-checklist.html]
[www.subsetmedia.com/blog/dont-overlook-digital-video.html]
[www.subsetmedia.com/blog92c3.html]
[www.subsetmedia.com/blog8f41.html]
[www.subsetmedia.com/blogc466.html]
[static1.squarespace.com/static/62e18553aef02f736a44f06a/6390dc1a23b3c42eccd408eb/6390dc1d23b3c42eccd40d9c/1670437917895/c45491706c929178533fa65966632796-backpacks-jansport-jansport-backpack]
[images.squarespace-cdn.com/content/v1/62e18553aef02f736a44f06a/1670438166242-CPMGNJ88CCDQT6RPSI6S/AdobeStock_205508936-scaled.jpg]
[images.squarespace-cdn.com/content/62e18553aef02f736a44f06a/1670438170547-DH5Q3DAY25CW2362UADM/Zion_1_bg_110302ee8a.jpg]
[images.squarespace-cdn.com/content/62e18553aef02f736a44f06a/1670438170737-MKDWWT1IZCV53Y6G6OVI/Zion_Narrowsee8a.jpg]
[images.squarespace-cdn.com/content/62e18553aef02f736a44f06a/1670438167747-HFNZT48YUPBKIYM1LCTE/Lighthouse-Trailee8a.jpg]
[images.squarespace-cdn.com/content/62e18553aef02f736a44f06a/1670438171253-K6TFN7WDLLE0GY2UD32F/unnamed-2ee8a.jpg]
[images.squarespace-cdn.com/content/62e18553aef02f736a44f06a/1670438171365-XJ5MH0YIPU5EO40BGHWX/unnamedee8a.jpg]
[www.subsetmedia.com/blog/hiking.html]
[images.squarespace-cdn.com/content/v1/62e18553aef02f736a44f06a/1670438165952-LQRIXR7Q8GGQ3ZHTY2N0/Roadtrip-Blog.jpg]
[www.subsetmedia.com/blog/roadtriptips.html]
[images.squarespace-cdn.com/content/v1/62e18553aef02f736a44f06a/1670438164440-YJ3KKDTSKUKBSFMIVO3U/Life-Hacks-Blog.jpg]
[www.subsetmedia.com/blog/life-hacks.html]
[images.squarespace-cdn.com/content/v1/62e18553aef02f736a44f06a/1670438159553-IPPHRHT2NQUVNX9IWFFK/Blog_CTV-1.png]
[www.subsetmedia.com/blog/trendset-ctv.html]
[images.squarespace-cdn.com/content/v1/62e18553aef02f736a44f06a/1670438153834-SYE2SZS090OBYTSFRI6N/Subset-De-Jour.png]
[www.subsetmedia.com/blog/subsets-four-recipes-to-close-out-soup-season.html]
[images.squarespace-cdn.com/content/v1/62e18553aef02f736a44f06a/1670438166435-X51YJL4TGGFC6TXUM49M/Cheese-Day-Blog.jpg]
[www.subsetmedia.com/blog/tag/Cheese.html]
[www.subsetmedia.com/blog/nationalcheeseday.html]
[www.subsetmedia.com/blog/tag/national+cheese+day.html]
[images.squarespace-cdn.com/content/v1/62e18553aef02f736a44f06a/1670438154233-5B8MHV1KOIHSWC65CNOA/AI-Vs-Automation-Blog.png]
[www.subsetmedia.com/blog/tag/Artificial+Intelligence.html]
[www.subsetmedia.com/blog/tag/automation.html]
[www.subsetmedia.com/blog/springforward.html]
[www.subsetmedia.com/blog/aiautomationdifferences.html]
[www.subsetmedia.com/blog/3-metrics-to-boost-trust.html]
[images.squarespace-cdn.com/content/v1/62e18553aef02f736a44f06a/1670438158136-WW4MB5LZ039EFUY05O19/contextualvsbehavioral-blog.png]
[www.subsetmedia.com/blog/tag/behavioral.html]
[www.subsetmedia.com/blog/tag/contextual.html]
[www.subsetmedia.com/blog/contextualvsbehavioral.html]
[www.subsetmedia.com/blog/tag/targeting.html]
[images.squarespace-cdn.com/content/v1/62e18553aef02f736a44f06a/1670438156136-Z13KPFV788QSVRMF9R2H/Dart-Target-Blog-1.png]
[www.subsetmedia.com/blog/tag/cookies.html]
[www.subsetmedia.com/blog/a-cookie-less-future.html]
[static1.squarespace.com/static/62e18553aef02f736a44f06a/6390dc1a23b3c42eccd408eb/6390dc4523b3c42eccd4147b/1670437957648/68305798184__17674B38-6B80-4055-B9A3-2D893EE66A54-225x300.1f80e7d.dela]
[static1.squarespace.com/static/62e18553aef02f736a44f06a/6390dc1a23b3c42eccd408eb/6390dc4523b3c42eccd4148b/1670437957772/68260094502__4637990C-CE57-4E67-BA7A-6EE155D327AB-225x300.20d0e7d.dela]
[static1.squarespace.com/static/62e18553aef02f736a44f06a/6390dc1a23b3c42eccd408eb/6390dc4523b3c42eccd4148e/1670437957794/68227983559__9C6705ED-2C62-4A8B-BC1A-9C8E0D3565D7-300x300.2100e7d.dela]
[www.subsetmedia.com/blog/tag/dogs.html]
[www.subsetmedia.com/blog/tag/nationaldogday.html]
[www.subsetmedia.com/blog/tag/fetch.html]
[images.squarespace-cdn.com/content/v1/62e18553aef02f736a44f06a/1670438167248-YFDALQJQHORCFVI8M1NH/Hockey-Funnel.jpg]
[www.subsetmedia.com/blog/hockey_marketingfunnel.html]
[images.squarespace-cdn.com/content/v1/62e18553aef02f736a44f06a/1670438163738-8781SZ6NGBU7FFA99W1M/Cross-Device-Targeting-Blog.jpg]
[www.subsetmedia.com/blog/crossdevice-targeting.html]
[images.squarespace-cdn.com/content/v1/62e18553aef02f736a44f06a/1670438162840-P0LZ4K1CCHNA17WJYEG2/Animal-FActs-FB.jpg]
[www.subsetmedia.com/blog/animal-facts.html]
[images.squarespace-cdn.com/content/v1/62e18553aef02f736a44f06a/1670438165644-SWCJRIGIU7PP7STDT1AO/Mothers-Day-Blog.jpg]
[www.subsetmedia.com/blog/five-ways-to-celebrate-mom-on-mothers-day.html]
[images.squarespace-cdn.com/content/v1/62e18553aef02f736a44f06a/1670438162151-Z64U5JCQ4XMP3WUZT0QQ/Plant-Tips-Blog.jpg]
[www.subsetmedia.com/blog/tag/gardening.html]
[www.subsetmedia.com/blog/plant-tips.html]
[www.subsetmedia.com/blog/tag/plants.html]
[images.squarespace-cdn.com/content/v1/62e18553aef02f736a44f06a/1670438158838-5NNA15EJU56IKT45APDY/Blog-New-Brands.jpg]
[www.subsetmedia.com/blog/discovering-new-brands.html]
[www.subsetmedia.com/blog4d1e.html]
[www.subsetmedia.com/blog/tracking-shifts.html]
[www.subsetmedia.com/blog/category/updates.html]
[www.subsetmedia.com/blog2f0d.html]
[www.subsetmedia.com/blog5888.html]
[www.subsetmedia.com/blogbcf8.html]
[www.subsetmedia.com/blog26ec.html]
[www.subsetmedia.com/blog/tag/creative.html]
[www.subsetmedia.com/blog/tag/media.html]
[www.subsetmedia.com/blog/tag/messaging.html]
[www.subsetmedia.com/blog/tag/super+bowl.html]
[www.subsetmedia.com/blog/tag/television.html]
[www.subsetmedia.com/blog/tag/video.html]
[www.subsetmedia.com/bloge1c4.html]
[images.squarespace-cdn.com/content/v1/62e18553aef02f736a44f06a/1670438153739-CMXHK7EPIZ4L2PHJI6H0/Introducing-subSpace.png]
[www.subsetmedia.com/blog/welcome-to-the-subset-blog.html]
[images.squarespace-cdn.com/content/v1/62e18553aef02f736a44f06a/1670438157543-OMW4K71XG6G0RMJ3QG76/Digital-Video-Blog.png]
[www.subsetmedia.com/blog/dont-overlook-digital-video.html]
[www.subsetmedia.com/blog92c3.html]
[www.subsetmedia.com/blogec5a.html]
[www.subsetmedia.com/blogc466.html]
[www.subsetmedia.com/blog/tag/Cheese.html]
[www.subsetmedia.com/blog/tag/national+cheese+day.html]
[www.subsetmedia.com/blog/tag/Artificial+Intelligence.html]
[www.subsetmedia.com/blog/tag/automation.html]
[static1.squarespace.com/static/62e18553aef02f736a44f06a/6390dc1a23b3c42eccd408eb/6390dc1d23b3c42eccd40d3f/1670437917478/USFS_Photo_T._Wheeler_–_Mountain_goat_making_the_jump_on_Mount_Aeneas_]
[static1.squarespace.com/static/62e18553aef02f736a44f06a/6390dc1a23b3c42eccd408eb/6390dc1d23b3c42eccd40d45/1670437917503/Lunch-Creek-in-Glacier-National-Park-Get-Inspired-Everyday.2570e7d.del]
[www.subsetmedia.com/blog70da.html]
[images.squarespace-cdn.com/content/v1/62e18553aef02f736a44f06a/1670438158239-ER1KVVN6WTIV30C7FV6L/spring-forward.png]
[www.subsetmedia.com/blog/springforward.html]
[images.squarespace-cdn.com/content/v1/62e18553aef02f736a44f06a/1670438154656-Y5FAFWZKTSPIN1HCPZW7/Consumers-and-confidence-blog-1.png]
[www.subsetmedia.com/blog/3-metrics-to-boost-trust.html]
[www.subsetmedia.com/blog/tag/behavioral.html]
[www.subsetmedia.com/blog/tag/contextual.html]
[www.subsetmedia.com/blog/tag/targeting.html]
[www.subsetmedia.com/blog/tag/cookies.html]
[www.subsetmedia.com/blog/tag/fetch.html]
[www.subsetmedia.com/blog/tag/gardening.html]
[www.subsetmedia.com/blog/tag/plants.html]
[images.squarespace-cdn.com/content/v1/62e18553aef02f736a44f06a/1670438158049-OOFOII9AL6SQE5U496RL/Tracking-shifts-FB_blog.png]
[www.subsetmedia.com/blog/tracking-shifts.html]
[www.subsetmedia.com/blog/category/updates.html]
[www.subsetmedia.com/blogbcf8.html]
[www.subsetmedia.com/bloge1c4.html]
[www.subsetmedia.com/blogec5a.html]
[www.subsetmedia.com/blog70da.html]
[www.subsetmedia.com/blogc760.html]
[www.subsetmedia.com/blogc760.html]
